Hello, Kopi!\nThis is a test file.\nWritten with file I/O built-ins.\n